# expert iteration run 'random-control': proposer=random seed=0 iterations=80/puzzle

## puzzle single_transport
  reference from-scratch solve: 3 instructions (0.1s)
  it=  0 mode=relaxed seeded_ok=0 reward= 0.00 len= 3 (ref 3) window_validity=0.00 [0.09s]
  it=  1 mode=relaxed seeded_ok=0 reward= 0.00 len= 3 (ref 3) window_validity=0.00 [0.08s]
  it=  2 mode=relaxed seeded_ok=0 reward= 0.00 len= 3 (ref 3) window_validity=0.00 [0.08s]
  it=  3 mode=relaxed seeded_ok=0 reward= 0.00 len= 3 (ref 3) window_validity=0.00 [0.08s]
  it=  4 mode=relaxed seeded_ok=0 reward= 0.00 len= 3 (ref 3) window_validity=0.00 [0.08s]
  it=  5 mode=relaxed seeded_ok=0 reward= 0.00 len= 3 (ref 3) window_validity=0.00 [0.09s]
  it=  6 mode=relaxed seeded_ok=0 reward= 0.00 len= 3 (ref 3) window_validity=0.00 [0.08s]
  it=  7 mode=relaxed seeded_ok=0 reward= 0.00 len= 3 (ref 3) window_validity=0.00 [0.08s]
  it=  8 mode=relaxed seeded_ok=0 reward= 0.00 len= 3 (ref 3) window_validity=0.00 [0.08s]
  it=  9 mode=relaxed seeded_ok=0 reward= 0.00 len= 3 (ref 3) window_validity=0.00 [0.08s]
  it= 10 mode=relaxed seeded_ok=0 reward= 0.00 len= 3 (ref 3) window_validity=0.00 [0.08s]
  it= 11 mode=relaxed seeded_ok=0 reward= 0.00 len= 3 (ref 3) window_validity=0.00 [0.08s]
  it= 12 mode=relaxed seeded_ok=0 reward= 0.00 len= 3 (ref 3) window_validity=0.00 [0.09s]
  it= 13 mode=relaxed seeded_ok=0 reward= 0.00 len= 3 (ref 3) window_validity=0.00 [0.08s]
  it= 14 mode=relaxed seeded_ok=0 reward= 0.00 len= 3 (ref 3) window_validity=0.00 [0.08s]
  it= 15 mode=relaxed seeded_ok=0 reward= 0.00 len= 3 (ref 3) window_validity=0.00 [0.09s]
  it= 16 mode=relaxed seeded_ok=0 reward= 0.00 len= 3 (ref 3) window_validity=0.00 [0.07s]
  it= 17 mode=relaxed seeded_ok=0 reward= 0.00 len= 3 (ref 3) window_validity=0.00 [0.10s]
  it= 18 mode=relaxed seeded_ok=0 reward= 0.00 len= 3 (ref 3) window_validity=0.00 [0.10s]
  it= 19 mode=relaxed seeded_ok=0 reward= 0.00 len= 3 (ref 3) window_validity=0.00 [0.09s]
  it= 20 mode=seeded  seeded_ok=1 reward= 0.00 len= 6 (ref 3) window_validity=0.10 [0.08s]
  it= 21 mode=relaxed seeded_ok=0 reward= 0.00 len= 3 (ref 3) window_validity=0.10 [0.08s]
  it= 22 mode=seeded  seeded_ok=1 reward= 0.00 len= 6 (ref 3) window_validity=0.20 [0.08s]
  it= 23 mode=relaxed seeded_ok=0 reward= 0.00 len= 3 (ref 3) window_validity=0.20 [0.08s]
  it= 24 mode=relaxed seeded_ok=0 reward= 0.00 len= 3 (ref 3) window_validity=0.20 [0.08s]
  it= 25 mode=relaxed seeded_ok=0 reward= 0.00 len= 3 (ref 3) window_validity=0.20 [0.08s]
  it= 26 mode=relaxed seeded_ok=0 reward= 0.00 len= 3 (ref 3) window_validity=0.20 [0.08s]
  it= 27 mode=relaxed seeded_ok=0 reward= 0.00 len= 3 (ref 3) window_validity=0.20 [0.08s]
  it= 28 mode=relaxed seeded_ok=0 reward= 0.00 len= 3 (ref 3) window_validity=0.20 [0.08s]
  it= 29 mode=relaxed seeded_ok=0 reward= 0.00 len= 3 (ref 3) window_validity=0.20 [0.08s]
  it= 30 mode=relaxed seeded_ok=0 reward= 0.00 len= 3 (ref 3) window_validity=0.10 [0.08s]
  it= 31 mode=relaxed seeded_ok=0 reward= 0.00 len= 3 (ref 3) window_validity=0.10 [0.10s]
  it= 32 mode=relaxed seeded_ok=0 reward= 0.00 len= 3 (ref 3) window_validity=0.00 [0.08s]
  it= 33 mode=relaxed seeded_ok=0 reward= 0.00 len= 3 (ref 3) window_validity=0.00 [0.08s]
  it= 34 mode=relaxed seeded_ok=0 reward= 0.00 len= 3 (ref 3) window_validity=0.00 [0.08s]
  it= 35 mode=relaxed seeded_ok=0 reward= 0.00 len= 3 (ref 3) window_validity=0.00 [0.08s]
  it= 36 mode=relaxed seeded_ok=0 reward= 0.00 len= 3 (ref 3) window_validity=0.00 [0.08s]
  it= 37 mode=relaxed seeded_ok=0 reward= 0.00 len= 3 (ref 3) window_validity=0.00 [0.08s]
  it= 38 mode=relaxed seeded_ok=0 reward= 0.00 len= 3 (ref 3) window_validity=0.00 [0.08s]
  it= 39 mode=relaxed seeded_ok=0 reward= 0.00 len= 3 (ref 3) window_validity=0.00 [0.08s]
  it= 40 mode=relaxed seeded_ok=0 reward= 0.00 len= 3 (ref 3) window_validity=0.00 [0.08s]
  it= 41 mode=relaxed seeded_ok=0 reward= 0.00 len= 3 (ref 3) window_validity=0.00 [0.08s]
  it= 42 mode=relaxed seeded_ok=0 reward= 0.00 len= 3 (ref 3) window_validity=0.00 [0.08s]
  it= 43 mode=relaxed seeded_ok=0 reward= 0.00 len= 3 (ref 3) window_validity=0.00 [0.08s]
  it= 44 mode=relaxed seeded_ok=0 reward= 0.00 len= 3 (ref 3) window_validity=0.00 [0.08s]
  it= 45 mode=relaxed seeded_ok=0 reward= 0.00 len= 3 (ref 3) window_validity=0.00 [0.08s]
  it= 46 mode=relaxed seeded_ok=0 reward= 0.00 len= 3 (ref 3) window_validity=0.00 [0.08s]
  it= 47 mode=relaxed seeded_ok=0 reward= 0.00 len= 3 (ref 3) window_validity=0.00 [0.08s]
  it= 48 mode=relaxed seeded_ok=0 reward= 0.00 len= 3 (ref 3) window_validity=0.00 [0.08s]
  it= 49 mode=relaxed seeded_ok=0 reward= 0.00 len= 3 (ref 3) window_validity=0.00 [0.08s]
  it= 50 mode=relaxed seeded_ok=0 reward= 0.00 len= 3 (ref 3) window_validity=0.00 [0.09s]
  it= 51 mode=relaxed seeded_ok=0 reward= 0.00 len= 3 (ref 3) window_validity=0.00 [0.08s]
  it= 52 mode=relaxed seeded_ok=0 reward= 0.00 len= 3 (ref 3) window_validity=0.00 [0.09s]
  it= 53 mode=relaxed seeded_ok=0 reward= 0.00 len= 3 (ref 3) window_validity=0.00 [0.09s]
  it= 54 mode=seeded  seeded_ok=1 reward= 0.53 len= 5 (ref 3) window_validity=0.10 [0.08s]
  it= 55 mode=relaxed seeded_ok=0 reward= 0.00 len= 3 (ref 3) window_validity=0.10 [0.08s]
  it= 56 mode=relaxed seeded_ok=0 reward= 0.00 len= 3 (ref 3) window_validity=0.10 [0.08s]
  it= 57 mode=relaxed seeded_ok=0 reward= 0.00 len= 3 (ref 3) window_validity=0.10 [0.08s]
  it= 58 mode=relaxed seeded_ok=0 reward= 0.00 len= 3 (ref 3) window_validity=0.10 [0.08s]
  it= 59 mode=relaxed seeded_ok=0 reward= 0.00 len= 3 (ref 3) window_validity=0.10 [0.08s]
  it= 60 mode=relaxed seeded_ok=0 reward= 0.00 len= 3 (ref 3) window_validity=0.10 [0.08s]
  it= 61 mode=relaxed seeded_ok=0 reward= 0.00 len= 3 (ref 3) window_validity=0.10 [0.09s]
  it= 62 mode=relaxed seeded_ok=0 reward= 0.00 len= 3 (ref 3) window_validity=0.10 [0.08s]
  it= 63 mode=relaxed seeded_ok=0 reward= 0.00 len= 3 (ref 3) window_validity=0.10 [0.10s]
  it= 64 mode=relaxed seeded_ok=0 reward= 0.00 len= 3 (ref 3) window_validity=0.00 [0.10s]
  it= 65 mode=seeded  seeded_ok=1 reward= 1.17 len= 4 (ref 3) window_validity=0.10 [0.08s]
  it= 66 mode=relaxed seeded_ok=0 reward= 0.00 len= 3 (ref 3) window_validity=0.10 [0.08s]
  it= 67 mode=seeded  seeded_ok=1 reward= 0.33 len= 5 (ref 3) window_validity=0.20 [0.08s]
  it= 68 mode=relaxed seeded_ok=0 reward= 0.00 len= 3 (ref 3) window_validity=0.20 [0.08s]
  it= 69 mode=relaxed seeded_ok=0 reward= 0.00 len= 3 (ref 3) window_validity=0.20 [0.08s]
  it= 70 mode=relaxed seeded_ok=0 reward= 0.00 len= 3 (ref 3) window_validity=0.20 [0.08s]
  it= 71 mode=relaxed seeded_ok=0 reward= 0.00 len= 3 (ref 3) window_validity=0.20 [0.08s]
  it= 72 mode=relaxed seeded_ok=0 reward= 0.00 len= 3 (ref 3) window_validity=0.20 [0.07s]
  it= 73 mode=relaxed seeded_ok=0 reward= 0.00 len= 3 (ref 3) window_validity=0.20 [0.07s]
  it= 74 mode=relaxed seeded_ok=0 reward= 0.00 len= 3 (ref 3) window_validity=0.20 [0.08s]
  it= 75 mode=relaxed seeded_ok=0 reward= 0.00 len= 3 (ref 3) window_validity=0.10 [0.07s]
  it= 76 mode=relaxed seeded_ok=0 reward= 0.00 len= 3 (ref 3) window_validity=0.10 [0.08s]
  it= 77 mode=relaxed seeded_ok=0 reward= 0.00 len= 3 (ref 3) window_validity=0.00 [0.08s]
  it= 78 mode=relaxed seeded_ok=0 reward= 0.00 len= 3 (ref 3) window_validity=0.00 [0.07s]
  it= 79 mode=relaxed seeded_ok=0 reward= 0.00 len= 3 (ref 3) window_validity=0.00 [0.08s]
  summary single_transport: proposal validity 0.05 -> 0.07 (first vs second half), mean reward 0.00 -> 0.05

## puzzle two_atom_bond
  reference from-scratch solve: 11 instructions (60.3s)
  it=  0 mode=relaxed seeded_ok=0 reward= 0.00 len=11 (ref 11) window_validity=0.00 [0.17s]
  it=  1 mode=relaxed seeded_ok=0 reward= 0.00 len=11 (ref 11) window_validity=0.00 [0.16s]
  it=  2 mode=relaxed seeded_ok=0 reward= 0.00 len=11 (ref 11) window_validity=0.00 [0.16s]
  it=  3 mode=relaxed seeded_ok=0 reward= 0.00 len=11 (ref 11) window_validity=0.00 [0.16s]
  it=  4 mode=relaxed seeded_ok=0 reward= 0.00 len=11 (ref 11) window_validity=0.00 [0.14s]
  it=  5 mode=relaxed seeded_ok=0 reward= 0.00 len=11 (ref 11) window_validity=0.00 [0.16s]
  it=  6 mode=relaxed seeded_ok=0 reward= 0.00 len=11 (ref 11) window_validity=0.00 [0.16s]
  it=  7 mode=relaxed seeded_ok=0 reward= 0.00 len=11 (ref 11) window_validity=0.00 [0.16s]
  it=  8 mode=relaxed seeded_ok=0 reward= 0.00 len=11 (ref 11) window_validity=0.00 [0.15s]
  it=  9 mode=relaxed seeded_ok=0 reward= 0.00 len=11 (ref 11) window_validity=0.00 [0.13s]
  it= 10 mode=relaxed seeded_ok=0 reward= 0.00 len=11 (ref 11) window_validity=0.00 [0.15s]
  it= 11 mode=relaxed seeded_ok=0 reward= 0.00 len=11 (ref 11) window_validity=0.00 [0.15s]
  it= 12 mode=relaxed seeded_ok=0 reward= 0.00 len=11 (ref 11) window_validity=0.00 [0.15s]
  it= 13 mode=relaxed seeded_ok=0 reward= 0.00 len=11 (ref 11) window_validity=0.00 [0.15s]
  it= 14 mode=relaxed seeded_ok=0 reward= 0.00 len=11 (ref 11) window_validity=0.00 [0.15s]
  it= 15 mode=relaxed seeded_ok=0 reward= 0.00 len=11 (ref 11) window_validity=0.00 [0.15s]
  it= 16 mode=relaxed seeded_ok=0 reward= 0.00 len=11 (ref 11) window_validity=0.00 [0.16s]
  it= 17 mode=relaxed seeded_ok=0 reward= 0.00 len=11 (ref 11) window_validity=0.00 [0.15s]
  it= 18 mode=relaxed seeded_ok=0 reward= 0.00 len=11 (ref 11) window_validity=0.00 [0.16s]
  it= 19 mode=relaxed seeded_ok=0 reward= 0.00 len=11 (ref 11) window_validity=0.00 [0.15s]
  it= 20 mode=relaxed seeded_ok=0 reward= 0.00 len=11 (ref 11) window_validity=0.00 [0.15s]
  it= 21 mode=relaxed seeded_ok=0 reward= 0.00 len=11 (ref 11) window_validity=0.00 [0.15s]
  it= 22 mode=relaxed seeded_ok=0 reward= 0.00 len=11 (ref 11) window_validity=0.00 [0.15s]
  it= 23 mode=relaxed seeded_ok=0 reward= 0.00 len=11 (ref 11) window_validity=0.00 [0.15s]
  it= 24 mode=relaxed seeded_ok=0 reward= 0.00 len=11 (ref 11) window_validity=0.00 [0.16s]
  it= 25 mode=relaxed seeded_ok=0 reward= 0.00 len=11 (ref 11) window_validity=0.00 [0.16s]
  it= 26 mode=relaxed seeded_ok=0 reward= 0.00 len=11 (ref 11) window_validity=0.00 [0.14s]
  it= 27 mode=relaxed seeded_ok=0 reward= 0.00 len=11 (ref 11) window_validity=0.00 [0.13s]
  it= 28 mode=relaxed seeded_ok=0 reward= 0.00 len=11 (ref 11) window_validity=0.00 [0.15s]
  it= 29 mode=relaxed seeded_ok=0 reward= 0.00 len=11 (ref 11) window_validity=0.00 [0.16s]
  it= 30 mode=relaxed seeded_ok=0 reward= 0.00 len=11 (ref 11) window_validity=0.00 [0.15s]
  it= 31 mode=relaxed seeded_ok=0 reward= 0.00 len=11 (ref 11) window_validity=0.00 [0.15s]
  it= 32 mode=relaxed seeded_ok=0 reward= 0.00 len=11 (ref 11) window_validity=0.00 [0.13s]
  it= 33 mode=relaxed seeded_ok=0 reward= 0.00 len=11 (ref 11) window_validity=0.00 [0.16s]
  it= 34 mode=relaxed seeded_ok=0 reward= 0.00 len=11 (ref 11) window_validity=0.00 [0.15s]
  it= 35 mode=relaxed seeded_ok=0 reward= 0.00 len=11 (ref 11) window_validity=0.00 [0.15s]
  it= 36 mode=relaxed seeded_ok=0 reward= 0.00 len=11 (ref 11) window_validity=0.00 [0.16s]
  it= 37 mode=relaxed seeded_ok=0 reward= 0.00 len=11 (ref 11) window_validity=0.00 [0.16s]
  it= 38 mode=relaxed seeded_ok=0 reward= 0.00 len=11 (ref 11) window_validity=0.00 [0.15s]
  it= 39 mode=relaxed seeded_ok=0 reward= 0.00 len=11 (ref 11) window_validity=0.00 [0.17s]
  it= 40 mode=relaxed seeded_ok=0 reward= 0.00 len=11 (ref 11) window_validity=0.00 [0.16s]
  it= 41 mode=relaxed seeded_ok=0 reward= 0.00 len=11 (ref 11) window_validity=0.00 [0.15s]
  it= 42 mode=relaxed seeded_ok=0 reward= 0.00 len=11 (ref 11) window_validity=0.00 [0.13s]
  it= 43 mode=relaxed seeded_ok=0 reward= 0.00 len=11 (ref 11) window_validity=0.00 [0.16s]
  it= 44 mode=relaxed seeded_ok=0 reward= 0.00 len=11 (ref 11) window_validity=0.00 [0.16s]
  it= 45 mode=relaxed seeded_ok=0 reward= 0.00 len=11 (ref 11) window_validity=0.00 [0.16s]
  it= 46 mode=relaxed seeded_ok=0 reward= 0.00 len=11 (ref 11) window_validity=0.00 [0.16s]
  it= 47 mode=relaxed seeded_ok=0 reward= 0.00 len=11 (ref 11) window_validity=0.00 [0.15s]
  it= 48 mode=relaxed seeded_ok=0 reward= 0.00 len=11 (ref 11) window_validity=0.00 [0.15s]
  it= 49 mode=relaxed seeded_ok=0 reward= 0.00 len=11 (ref 11) window_validity=0.00 [0.15s]
  it= 50 mode=relaxed seeded_ok=0 reward= 0.00 len=11 (ref 11) window_validity=0.00 [0.15s]
  it= 51 mode=relaxed seeded_ok=0 reward= 0.00 len=11 (ref 11) window_validity=0.00 [0.15s]
  it= 52 mode=relaxed seeded_ok=0 reward= 0.00 len=11 (ref 11) window_validity=0.00 [0.16s]
  it= 53 mode=relaxed seeded_ok=0 reward= 0.00 len=11 (ref 11) window_validity=0.00 [0.15s]
  it= 54 mode=relaxed seeded_ok=0 reward= 0.00 len=11 (ref 11) window_validity=0.00 [0.13s]
  it= 55 mode=relaxed seeded_ok=0 reward= 0.00 len=11 (ref 11) window_validity=0.00 [0.13s]
  it= 56 mode=relaxed seeded_ok=0 reward= 0.00 len=11 (ref 11) window_validity=0.00 [0.15s]
  it= 57 mode=relaxed seeded_ok=0 reward= 0.00 len=11 (ref 11) window_validity=0.00 [0.15s]
  it= 58 mode=relaxed seeded_ok=0 reward= 0.00 len=11 (ref 11) window_validity=0.00 [0.15s]
  it= 59 mode=relaxed seeded_ok=0 reward= 0.00 len=11 (ref 11) window_validity=0.00 [0.15s]
  it= 60 mode=relaxed seeded_ok=0 reward= 0.00 len=11 (ref 11) window_validity=0.00 [0.13s]
  it= 61 mode=relaxed seeded_ok=0 reward= 0.00 len=11 (ref 11) window_validity=0.00 [0.15s]
  it= 62 mode=relaxed seeded_ok=0 reward= 0.00 len=11 (ref 11) window_validity=0.00 [0.15s]
  it= 63 mode=relaxed seeded_ok=0 reward= 0.00 len=11 (ref 11) window_validity=0.00 [0.16s]
  it= 64 mode=relaxed seeded_ok=0 reward= 0.00 len=11 (ref 11) window_validity=0.00 [0.15s]
  it= 65 mode=relaxed seeded_ok=0 reward= 0.00 len=11 (ref 11) window_validity=0.00 [0.15s]
  it= 66 mode=relaxed seeded_ok=0 reward= 0.00 len=11 (ref 11) window_validity=0.00 [0.15s]
  it= 67 mode=relaxed seeded_ok=0 reward= 0.00 len=11 (ref 11) window_validity=0.00 [0.15s]
  it= 68 mode=relaxed seeded_ok=0 reward= 0.00 len=11 (ref 11) window_validity=0.00 [0.13s]
  it= 69 mode=relaxed seeded_ok=0 reward= 0.00 len=11 (ref 11) window_validity=0.00 [0.15s]
  it= 70 mode=relaxed seeded_ok=0 reward= 0.00 len=11 (ref 11) window_validity=0.00 [0.15s]
  it= 71 mode=relaxed seeded_ok=0 reward= 0.00 len=11 (ref 11) window_validity=0.00 [0.15s]
  it= 72 mode=relaxed seeded_ok=0 reward= 0.00 len=11 (ref 11) window_validity=0.00 [0.14s]
  it= 73 mode=relaxed seeded_ok=0 reward= 0.00 len=11 (ref 11) window_validity=0.00 [0.15s]
  it= 74 mode=relaxed seeded_ok=0 reward= 0.00 len=11 (ref 11) window_validity=0.00 [0.17s]
  it= 75 mode=relaxed seeded_ok=0 reward= 0.00 len=11 (ref 11) window_validity=0.00 [0.16s]
  it= 76 mode=relaxed seeded_ok=0 reward= 0.00 len=11 (ref 11) window_validity=0.00 [0.15s]
  it= 77 mode=relaxed seeded_ok=0 reward= 0.00 len=11 (ref 11) window_validity=0.00 [0.15s]
  it= 78 mode=relaxed seeded_ok=0 reward= 0.00 len=11 (ref 11) window_validity=0.00 [0.15s]
  it= 79 mode=relaxed seeded_ok=0 reward= 0.00 len=11 (ref 11) window_validity=0.00 [0.16s]
  summary two_atom_bond: proposal validity 0.00 -> 0.00 (first vs second half), mean reward 0.00 -> 0.00

# learning-curve summary (first half vs second half)
{
  "single_transport": {
    "mean_reward_first_half": 0.0,
    "mean_reward_second_half": 0.051,
    "reference_len": 3,
    "validity_first_half": 0.05,
    "validity_second_half": 0.075
  },
  "two_atom_bond": {
    "mean_reward_first_half": 0.0,
    "mean_reward_second_half": 0.0,
    "reference_len": 11,
    "validity_first_half": 0.0,
    "validity_second_half": 0.0
  }
}
