# expert iteration run 'demo': proposer=learned seed=0 iterations=80/puzzle

## puzzle single_transport
  reference from-scratch solve: 3 instructions (0.1s)
  it=  0 mode=relaxed seeded_ok=0 reward= 0.00 len= 3 (ref 3) window_validity=0.00 [0.08s]
  it=  1 mode=relaxed seeded_ok=0 reward= 0.00 len= 3 (ref 3) window_validity=0.00 [0.08s]
  it=  2 mode=relaxed seeded_ok=0 reward= 0.00 len= 3 (ref 3) window_validity=0.00 [0.07s]
  it=  3 mode=relaxed seeded_ok=0 reward= 0.00 len= 3 (ref 3) window_validity=0.00 [0.08s]
  it=  4 mode=seeded  seeded_ok=1 reward= 1.60 len= 3 (ref 3) window_validity=0.20 [0.08s]
  it=  5 mode=relaxed seeded_ok=0 reward= 0.00 len= 3 (ref 3) window_validity=0.17 [0.08s]
  it=  6 mode=relaxed seeded_ok=0 reward= 0.00 len= 3 (ref 3) window_validity=0.14 [0.08s]
  it=  7 mode=seeded  seeded_ok=1 reward= 1.00 len= 3 (ref 3) window_validity=0.25 [0.08s]
  it=  8 mode=seeded  seeded_ok=1 reward= 1.00 len= 3 (ref 3) window_validity=0.33 [0.08s]
  it=  9 mode=relaxed seeded_ok=0 reward= 0.00 len= 3 (ref 3) window_validity=0.30 [0.07s]
  it= 10 mode=seeded  seeded_ok=1 reward= 1.00 len= 3 (ref 3) window_validity=0.40 [0.08s]
  it= 11 mode=relaxed seeded_ok=0 reward= 0.00 len= 3 (ref 3) window_validity=0.40 [0.08s]
  it= 12 mode=seeded  seeded_ok=1 reward= 1.00 len= 3 (ref 3) window_validity=0.50 [0.08s]
  it= 13 mode=relaxed seeded_ok=0 reward= 0.00 len= 3 (ref 3) window_validity=0.50 [0.08s]
  it= 14 mode=seeded  seeded_ok=1 reward= 1.00 len= 3 (ref 3) window_validity=0.50 [0.08s]
  it= 15 mode=seeded  seeded_ok=1 reward= 1.00 len= 3 (ref 3) window_validity=0.60 [0.08s]
  it= 16 mode=relaxed seeded_ok=0 reward= 0.00 len= 3 (ref 3) window_validity=0.60 [0.08s]
  it= 17 mode=seeded  seeded_ok=1 reward= 1.00 len= 3 (ref 3) window_validity=0.60 [0.08s]
  it= 18 mode=seeded  seeded_ok=1 reward= 1.00 len= 3 (ref 3) window_validity=0.60 [0.08s]
  it= 19 mode=seeded  seeded_ok=1 reward= 1.00 len= 3 (ref 3) window_validity=0.70 [0.08s]
  it= 20 mode=seeded  seeded_ok=1 reward= 1.00 len= 3 (ref 3) window_validity=0.70 [0.08s]
  it= 21 mode=seeded  seeded_ok=1 reward= 1.00 len= 3 (ref 3) window_validity=0.80 [0.08s]
  it= 22 mode=seeded  seeded_ok=1 reward= 1.00 len= 3 (ref 3) window_validity=0.80 [0.08s]
  it= 23 mode=seeded  seeded_ok=1 reward= 1.00 len= 3 (ref 3) window_validity=0.90 [0.08s]
  it= 24 mode=seeded  seeded_ok=1 reward= 1.00 len= 3 (ref 3) window_validity=0.90 [0.08s]
  it= 25 mode=seeded  seeded_ok=1 reward= 1.00 len= 3 (ref 3) window_validity=0.90 [0.08s]
  it= 26 mode=seeded  seeded_ok=1 reward= 1.00 len= 3 (ref 3) window_validity=1.00 [0.08s]
  it= 27 mode=seeded  seeded_ok=1 reward= 1.00 len= 3 (ref 3) window_validity=1.00 [0.08s]
  it= 28 mode=seeded  seeded_ok=1 reward= 1.00 len= 3 (ref 3) window_validity=1.00 [0.08s]
  it= 29 mode=seeded  seeded_ok=1 reward= 1.00 len= 3 (ref 3) window_validity=1.00 [0.08s]
  it= 30 mode=relaxed seeded_ok=0 reward= 0.00 len= 3 (ref 3) window_validity=0.90 [0.08s]
  it= 31 mode=relaxed seeded_ok=0 reward= 0.00 len= 3 (ref 3) window_validity=0.80 [0.08s]
  it= 32 mode=seeded  seeded_ok=1 reward= 1.00 len= 3 (ref 3) window_validity=0.80 [0.08s]
  it= 33 mode=seeded  seeded_ok=1 reward= 1.00 len= 3 (ref 3) window_validity=0.80 [0.08s]
  it= 34 mode=seeded  seeded_ok=1 reward= 1.00 len= 3 (ref 3) window_validity=0.80 [0.08s]
  it= 35 mode=seeded  seeded_ok=1 reward= 1.00 len= 3 (ref 3) window_validity=0.80 [0.08s]
  it= 36 mode=seeded  seeded_ok=1 reward= 1.00 len= 3 (ref 3) window_validity=0.80 [0.08s]
  it= 37 mode=seeded  seeded_ok=1 reward= 1.00 len= 3 (ref 3) window_validity=0.80 [0.08s]
  it= 38 mode=seeded  seeded_ok=1 reward= 1.00 len= 3 (ref 3) window_validity=0.80 [0.08s]
  it= 39 mode=seeded  seeded_ok=1 reward= 1.00 len= 3 (ref 3) window_validity=0.80 [0.08s]
  it= 40 mode=seeded  seeded_ok=1 reward= 1.00 len= 3 (ref 3) window_validity=0.90 [0.08s]
  it= 41 mode=relaxed seeded_ok=0 reward= 0.00 len= 3 (ref 3) window_validity=0.90 [0.08s]
  it= 42 mode=seeded  seeded_ok=1 reward= 1.00 len= 3 (ref 3) window_validity=0.90 [0.08s]
  it= 43 mode=seeded  seeded_ok=1 reward= 1.00 len= 3 (ref 3) window_validity=0.90 [0.08s]
  it= 44 mode=seeded  seeded_ok=1 reward= 1.00 len= 3 (ref 3) window_validity=0.90 [0.08s]
  it= 45 mode=seeded  seeded_ok=1 reward= 1.00 len= 3 (ref 3) window_validity=0.90 [0.08s]
  it= 46 mode=seeded  seeded_ok=1 reward= 1.00 len= 3 (ref 3) window_validity=0.90 [0.08s]
  it= 47 mode=relaxed seeded_ok=0 reward= 0.00 len= 3 (ref 3) window_validity=0.80 [0.08s]
  it= 48 mode=seeded  seeded_ok=1 reward= 1.00 len= 3 (ref 3) window_validity=0.80 [0.08s]
  it= 49 mode=seeded  seeded_ok=1 reward= 1.00 len= 3 (ref 3) window_validity=0.80 [0.08s]
  it= 50 mode=seeded  seeded_ok=1 reward= 1.00 len= 3 (ref 3) window_validity=0.80 [0.08s]
  it= 51 mode=seeded  seeded_ok=1 reward= 1.00 len= 3 (ref 3) window_validity=0.90 [0.08s]
  it= 52 mode=seeded  seeded_ok=1 reward= 1.00 len= 3 (ref 3) window_validity=0.90 [0.08s]
  it= 53 mode=seeded  seeded_ok=1 reward= 1.00 len= 3 (ref 3) window_validity=0.90 [0.08s]
  it= 54 mode=seeded  seeded_ok=1 reward= 1.00 len= 3 (ref 3) window_validity=0.90 [0.08s]
  it= 55 mode=seeded  seeded_ok=1 reward= 1.00 len= 3 (ref 3) window_validity=0.90 [0.08s]
  it= 56 mode=seeded  seeded_ok=1 reward= 1.00 len= 3 (ref 3) window_validity=0.90 [0.08s]
  it= 57 mode=seeded  seeded_ok=1 reward= 1.00 len= 3 (ref 3) window_validity=1.00 [0.08s]
  it= 58 mode=seeded  seeded_ok=1 reward= 1.00 len= 3 (ref 3) window_validity=1.00 [0.08s]
  it= 59 mode=seeded  seeded_ok=1 reward= 1.00 len= 3 (ref 3) window_validity=1.00 [0.08s]
  it= 60 mode=seeded  seeded_ok=1 reward= 1.00 len= 3 (ref 3) window_validity=1.00 [0.08s]
  it= 61 mode=seeded  seeded_ok=1 reward= 1.00 len= 3 (ref 3) window_validity=1.00 [0.08s]
  it= 62 mode=seeded  seeded_ok=1 reward= 1.00 len= 3 (ref 3) window_validity=1.00 [0.08s]
  it= 63 mode=seeded  seeded_ok=1 reward= 1.00 len= 3 (ref 3) window_validity=1.00 [0.08s]
  it= 64 mode=seeded  seeded_ok=1 reward= 1.00 len= 3 (ref 3) window_validity=1.00 [0.08s]
  it= 65 mode=seeded  seeded_ok=1 reward= 1.00 len= 3 (ref 3) window_validity=1.00 [0.08s]
  it= 66 mode=seeded  seeded_ok=1 reward= 1.00 len= 3 (ref 3) window_validity=1.00 [0.09s]
  it= 67 mode=seeded  seeded_ok=1 reward= 1.00 len= 3 (ref 3) window_validity=1.00 [0.08s]
  it= 68 mode=seeded  seeded_ok=1 reward= 1.00 len= 3 (ref 3) window_validity=1.00 [0.08s]
  it= 69 mode=seeded  seeded_ok=1 reward= 1.00 len= 3 (ref 3) window_validity=1.00 [0.08s]
  it= 70 mode=seeded  seeded_ok=1 reward= 1.00 len= 3 (ref 3) window_validity=1.00 [0.08s]
  it= 71 mode=relaxed seeded_ok=0 reward= 0.00 len= 3 (ref 3) window_validity=0.90 [0.09s]
  it= 72 mode=seeded  seeded_ok=1 reward= 1.00 len= 3 (ref 3) window_validity=0.90 [0.08s]
  it= 73 mode=seeded  seeded_ok=1 reward= 1.00 len= 3 (ref 3) window_validity=0.90 [0.08s]
  it= 74 mode=seeded  seeded_ok=1 reward= 1.00 len= 3 (ref 3) window_validity=0.90 [0.08s]
  it= 75 mode=seeded  seeded_ok=1 reward= 1.00 len= 3 (ref 3) window_validity=0.90 [0.08s]
  it= 76 mode=seeded  seeded_ok=1 reward= 1.00 len= 3 (ref 3) window_validity=0.90 [0.08s]
  it= 77 mode=seeded  seeded_ok=1 reward= 1.00 len= 3 (ref 3) window_validity=0.90 [0.08s]
  it= 78 mode=seeded  seeded_ok=1 reward= 1.00 len= 3 (ref 3) window_validity=0.90 [0.08s]
  it= 79 mode=seeded  seeded_ok=1 reward= 1.00 len= 3 (ref 3) window_validity=0.90 [0.08s]
  summary single_transport: proposal validity 0.70 -> 0.93 (first vs second half), mean reward 0.71 -> 0.93

## puzzle two_atom_bond
  reference from-scratch solve: 11 instructions (60.2s)
  it=  0 mode=relaxed seeded_ok=0 reward= 0.00 len=11 (ref 11) window_validity=0.00 [0.16s]
  it=  1 mode=relaxed seeded_ok=0 reward= 0.00 len=11 (ref 11) window_validity=0.00 [0.16s]
  it=  2 mode=relaxed seeded_ok=0 reward= 0.00 len=11 (ref 11) window_validity=0.00 [0.15s]
  it=  3 mode=relaxed seeded_ok=0 reward= 0.00 len=11 (ref 11) window_validity=0.00 [0.17s]
  it=  4 mode=relaxed seeded_ok=0 reward= 0.00 len=11 (ref 11) window_validity=0.00 [0.17s]
  it=  5 mode=relaxed seeded_ok=0 reward= 0.00 len=11 (ref 11) window_validity=0.00 [0.16s]
  it=  6 mode=relaxed seeded_ok=0 reward= 0.00 len=11 (ref 11) window_validity=0.00 [0.15s]
  it=  7 mode=relaxed seeded_ok=0 reward= 0.00 len=11 (ref 11) window_validity=0.00 [0.16s]
  it=  8 mode=relaxed seeded_ok=0 reward= 0.00 len=11 (ref 11) window_validity=0.00 [0.16s]
  it=  9 mode=relaxed seeded_ok=0 reward= 0.00 len=11 (ref 11) window_validity=0.00 [0.16s]
  it= 10 mode=relaxed seeded_ok=0 reward= 0.00 len=11 (ref 11) window_validity=0.00 [0.16s]
  it= 11 mode=seeded  seeded_ok=1 reward= 1.60 len=11 (ref 11) window_validity=0.10 [0.20s]
  it= 12 mode=relaxed seeded_ok=0 reward= 0.00 len=11 (ref 11) window_validity=0.10 [0.16s]
  it= 13 mode=seeded  seeded_ok=1 reward= 1.00 len=11 (ref 11) window_validity=0.20 [0.20s]
  it= 14 mode=relaxed seeded_ok=0 reward= 0.00 len=11 (ref 11) window_validity=0.20 [0.16s]
  it= 15 mode=relaxed seeded_ok=0 reward= 0.00 len=11 (ref 11) window_validity=0.20 [0.16s]
  it= 16 mode=seeded  seeded_ok=1 reward= 1.00 len=11 (ref 11) window_validity=0.30 [0.20s]
  it= 17 mode=seeded  seeded_ok=1 reward= 1.00 len=11 (ref 11) window_validity=0.40 [0.21s]
  it= 18 mode=relaxed seeded_ok=0 reward= 0.00 len=11 (ref 11) window_validity=0.40 [0.17s]
  it= 19 mode=seeded  seeded_ok=1 reward= 1.00 len=11 (ref 11) window_validity=0.50 [0.20s]
  it= 20 mode=relaxed seeded_ok=0 reward= 0.00 len=11 (ref 11) window_validity=0.50 [0.16s]
  it= 21 mode=seeded  seeded_ok=1 reward= 1.00 len=11 (ref 11) window_validity=0.50 [0.20s]
  it= 22 mode=seeded  seeded_ok=1 reward= 1.00 len=11 (ref 11) window_validity=0.60 [0.19s]
  it= 23 mode=seeded  seeded_ok=1 reward= 1.00 len=11 (ref 11) window_validity=0.60 [0.21s]
  it= 24 mode=seeded  seeded_ok=1 reward= 1.00 len=11 (ref 11) window_validity=0.70 [0.22s]
  it= 25 mode=seeded  seeded_ok=1 reward= 1.00 len=11 (ref 11) window_validity=0.80 [0.23s]
  it= 26 mode=relaxed seeded_ok=0 reward= 0.00 len=11 (ref 11) window_validity=0.70 [0.16s]
  it= 27 mode=seeded  seeded_ok=1 reward= 1.00 len=11 (ref 11) window_validity=0.70 [0.22s]
  it= 28 mode=seeded  seeded_ok=1 reward= 1.00 len=11 (ref 11) window_validity=0.80 [0.20s]
  it= 29 mode=relaxed seeded_ok=0 reward= 0.00 len=11 (ref 11) window_validity=0.70 [0.17s]
  it= 30 mode=seeded  seeded_ok=1 reward= 1.00 len=11 (ref 11) window_validity=0.80 [0.20s]
  it= 31 mode=seeded  seeded_ok=1 reward= 1.00 len=11 (ref 11) window_validity=0.80 [0.20s]
  it= 32 mode=relaxed seeded_ok=0 reward= 0.00 len=11 (ref 11) window_validity=0.70 [0.16s]
  it= 33 mode=seeded  seeded_ok=1 reward= 1.00 len=11 (ref 11) window_validity=0.70 [0.20s]
  it= 34 mode=seeded  seeded_ok=1 reward= 1.00 len=11 (ref 11) window_validity=0.70 [0.20s]
  it= 35 mode=seeded  seeded_ok=1 reward= 1.00 len=11 (ref 11) window_validity=0.70 [0.20s]
  it= 36 mode=seeded  seeded_ok=1 reward= 1.00 len=11 (ref 11) window_validity=0.80 [0.20s]
  it= 37 mode=relaxed seeded_ok=0 reward= 0.00 len=11 (ref 11) window_validity=0.70 [0.16s]
  it= 38 mode=seeded  seeded_ok=1 reward= 1.00 len=11 (ref 11) window_validity=0.70 [0.20s]
  it= 39 mode=seeded  seeded_ok=1 reward= 1.00 len=11 (ref 11) window_validity=0.80 [0.19s]
  it= 40 mode=seeded  seeded_ok=1 reward= 1.00 len=11 (ref 11) window_validity=0.80 [0.19s]
  it= 41 mode=seeded  seeded_ok=1 reward= 1.00 len=11 (ref 11) window_validity=0.80 [0.20s]
  it= 42 mode=seeded  seeded_ok=1 reward= 1.00 len=11 (ref 11) window_validity=0.90 [0.19s]
  it= 43 mode=seeded  seeded_ok=1 reward= 1.00 len=11 (ref 11) window_validity=0.90 [0.19s]
  it= 44 mode=seeded  seeded_ok=1 reward= 1.00 len=11 (ref 11) window_validity=0.90 [0.19s]
  it= 45 mode=seeded  seeded_ok=1 reward= 1.00 len=11 (ref 11) window_validity=0.90 [0.19s]
  it= 46 mode=seeded  seeded_ok=1 reward= 1.00 len=11 (ref 11) window_validity=0.90 [0.19s]
  it= 47 mode=seeded  seeded_ok=1 reward= 1.00 len=11 (ref 11) window_validity=1.00 [0.20s]
  it= 48 mode=seeded  seeded_ok=1 reward= 1.00 len=11 (ref 11) window_validity=1.00 [0.21s]
  it= 49 mode=seeded  seeded_ok=1 reward= 1.00 len=11 (ref 11) window_validity=1.00 [0.20s]
  it= 50 mode=seeded  seeded_ok=1 reward= 1.00 len=11 (ref 11) window_validity=1.00 [0.21s]
  it= 51 mode=seeded  seeded_ok=1 reward= 1.00 len=11 (ref 11) window_validity=1.00 [0.21s]
  it= 52 mode=seeded  seeded_ok=1 reward= 1.00 len=11 (ref 11) window_validity=1.00 [0.21s]
  it= 53 mode=seeded  seeded_ok=1 reward= 1.00 len=11 (ref 11) window_validity=1.00 [0.20s]
  it= 54 mode=relaxed seeded_ok=0 reward= 0.00 len=11 (ref 11) window_validity=0.90 [0.17s]
  it= 55 mode=seeded  seeded_ok=1 reward= 1.00 len=11 (ref 11) window_validity=0.90 [0.20s]
  it= 56 mode=seeded  seeded_ok=1 reward= 1.00 len=11 (ref 11) window_validity=0.90 [0.20s]
  it= 57 mode=seeded  seeded_ok=1 reward= 1.00 len=11 (ref 11) window_validity=0.90 [0.21s]
  it= 58 mode=relaxed seeded_ok=0 reward= 0.00 len=11 (ref 11) window_validity=0.80 [0.16s]
  it= 59 mode=seeded  seeded_ok=1 reward= 1.00 len=11 (ref 11) window_validity=0.80 [0.20s]
  it= 60 mode=seeded  seeded_ok=1 reward= 1.00 len=11 (ref 11) window_validity=0.80 [0.23s]
  it= 61 mode=seeded  seeded_ok=1 reward= 1.00 len=11 (ref 11) window_validity=0.80 [0.22s]
  it= 62 mode=seeded  seeded_ok=1 reward= 1.00 len=11 (ref 11) window_validity=0.80 [0.20s]
  it= 63 mode=seeded  seeded_ok=1 reward= 1.00 len=11 (ref 11) window_validity=0.80 [0.20s]
  it= 64 mode=seeded  seeded_ok=1 reward= 1.00 len=11 (ref 11) window_validity=0.90 [0.19s]
  it= 65 mode=seeded  seeded_ok=1 reward= 1.00 len=11 (ref 11) window_validity=0.90 [0.19s]
  it= 66 mode=seeded  seeded_ok=1 reward= 1.00 len=11 (ref 11) window_validity=0.90 [0.19s]
  it= 67 mode=seeded  seeded_ok=1 reward= 1.00 len=11 (ref 11) window_validity=0.90 [0.20s]
  it= 68 mode=relaxed seeded_ok=0 reward= 0.00 len=11 (ref 11) window_validity=0.90 [0.16s]
  it= 69 mode=seeded  seeded_ok=1 reward= 1.00 len=11 (ref 11) window_validity=0.90 [0.19s]
  it= 70 mode=seeded  seeded_ok=1 reward= 1.00 len=11 (ref 11) window_validity=0.90 [0.19s]
  it= 71 mode=seeded  seeded_ok=1 reward= 1.00 len=11 (ref 11) window_validity=0.90 [0.20s]
  it= 72 mode=seeded  seeded_ok=1 reward= 1.00 len=11 (ref 11) window_validity=0.90 [0.20s]
  it= 73 mode=seeded  seeded_ok=1 reward= 1.00 len=11 (ref 11) window_validity=0.90 [0.22s]
  it= 74 mode=seeded  seeded_ok=1 reward= 1.00 len=11 (ref 11) window_validity=0.90 [0.26s]
  it= 75 mode=seeded  seeded_ok=1 reward= 1.00 len=11 (ref 11) window_validity=0.90 [0.21s]
  it= 76 mode=seeded  seeded_ok=1 reward= 1.00 len=11 (ref 11) window_validity=0.90 [0.19s]
  it= 77 mode=seeded  seeded_ok=1 reward= 1.00 len=11 (ref 11) window_validity=0.90 [0.20s]
  it= 78 mode=seeded  seeded_ok=1 reward= 1.00 len=11 (ref 11) window_validity=1.00 [0.19s]
  it= 79 mode=seeded  seeded_ok=1 reward= 1.00 len=11 (ref 11) window_validity=1.00 [0.20s]
  summary two_atom_bond: proposal validity 0.50 -> 0.93 (first vs second half), mean reward 0.52 -> 0.93

# learning-curve summary (first half vs second half)
{
  "single_transport": {
    "mean_reward_first_half": 0.715,
    "mean_reward_second_half": 0.925,
    "reference_len": 3,
    "validity_first_half": 0.7,
    "validity_second_half": 0.925
  },
  "two_atom_bond": {
    "mean_reward_first_half": 0.515,
    "mean_reward_second_half": 0.925,
    "reference_len": 11,
    "validity_first_half": 0.5,
    "validity_second_half": 0.925
  }
}
